  Determining projects to restore...
  All projects are up-to-date for restore.
  SongAcronymBot.Domain -> D:\personal\SongAcronymBot\SongAcronymBot.Domain\bin\Debug\net8.0\SongAcronymBot.Domain.dll
  SongAcronymBot.Core -> D:\personal\SongAcronymBot\SongAcronymBot.Core\bin\Debug\net8.0\SongAcronymBot.Core.dll
  SongAcronymBot.Api -> D:\personal\SongAcronymBot\SongAcronymBot.Api\bin\Debug\net8.0\SongAcronymBot.Api.dll
D:\personal\SongAcronymBot\SongAcronymBot.Core.Test\Services\RedditServiceTests.cs(19,22): error CS0104: 'IAcronymRepository' is an ambiguous reference between 'SongAcronymBot.Domain.Repositories.IAcronymRepository' and 'SongAcronymBot.Domain.Supabase.Repositories.IAcronymRepository' [D:\personal\SongAcronymBot\SongAcronymBot.Core.Test\SongAcronymBot.Core.Test.csproj]
D:\personal\SongAcronymBot\SongAcronymBot.Functions\Program.cs(24,31): error CS0104: 'IAcronymRepository' is an ambiguous reference between 'SongAcronymBot.Domain.Repositories.IAcronymRepository' and 'SongAcronymBot.Domain.Supabase.Repositories.IAcronymRepository' [D:\personal\SongAcronymBot\SongAcronymBot.Functions\SongAcronymBot.Functions.csproj]
D:\personal\SongAcronymBot\SongAcronymBot.Functions\Program.cs(24,51): error CS0104: 'AcronymRepository' is an ambiguous reference between 'SongAcronymBot.Domain.Repositories.AcronymRepository' and 'SongAcronymBot.Domain.Supabase.Repositories.AcronymRepository' [D:\personal\SongAcronymBot\SongAcronymBot.Functions\SongAcronymBot.Functions.csproj]
D:\personal\SongAcronymBot\SongAcronymBot.Functions\Program.cs(26,31): error CS0104: 'ISubredditRepository' is an ambiguous reference between 'SongAcronymBot.Domain.Repositories.ISubredditRepository' and 'SongAcronymBot.Domain.Supabase.Repositories.ISubredditRepository' [D:\personal\SongAcronymBot\SongAcronymBot.Functions\SongAcronymBot.Functions.csproj]
D:\personal\SongAcronymBot\SongAcronymBot.Functions\Program.cs(26,53): error CS0104: 'SubredditRepository' is an ambiguous reference between 'SongAcronymBot.Domain.Repositories.SubredditRepository' and 'SongAcronymBot.Domain.Supabase.Repositories.SubredditRepository' [D:\personal\SongAcronymBot\SongAcronymBot.Functions\SongAcronymBot.Functions.csproj]
D:\personal\SongAcronymBot\SongAcronymBot.Functions\Program.cs(35,28): error CS0246: The type or namespace name 'Domain' could not be found (are you missing a using directive or an assembly reference?) [D:\personal\SongAcronymBot\SongAcronymBot.Functions\SongAcronymBot.Functions.csproj]
D:\personal\SongAcronymBot\SongAcronymBot.Functions\Program.cs(35,76): error CS0246: The type or namespace name 'Domain' could not be found (are you missing a using directive or an assembly reference?) [D:\personal\SongAcronymBot\SongAcronymBot.Functions\SongAcronymBot.Functions.csproj]
D:\personal\SongAcronymBot\SongAcronymBot.Functions\Program.cs(36,28): error CS0246: The type or namespace name 'Domain' could not be found (are you missing a using directive or an assembly reference?) [D:\personal\SongAcronymBot\SongAcronymBot.Functions\SongAcronymBot.Functions.csproj]
D:\personal\SongAcronymBot\SongAcronymBot.Functions\Program.cs(36,75): error CS0246: The type or namespace name 'Domain' could not be found (are you missing a using directive or an assembly reference?) [D:\personal\SongAcronymBot\SongAcronymBot.Functions\SongAcronymBot.Functions.csproj]
D:\personal\SongAcronymBot\SongAcronymBot.Functions\Program.cs(37,28): error CS0246: The type or namespace name 'Domain' could not be found (are you missing a using directive or an assembly reference?) [D:\personal\SongAcronymBot\SongAcronymBot.Functions\SongAcronymBot.Functions.csproj]
D:\personal\SongAcronymBot\SongAcronymBot.Functions\Program.cs(37,75): error CS0246: The type or namespace name 'Domain' could not be found (are you missing a using directive or an assembly reference?) [D:\personal\SongAcronymBot\SongAcronymBot.Functions\SongAcronymBot.Functions.csproj]
D:\personal\SongAcronymBot\SongAcronymBot.Functions\Program.cs(38,28): error CS0246: The type or namespace name 'Domain' could not be found (are you missing a using directive or an assembly reference?) [D:\personal\SongAcronymBot\SongAcronymBot.Functions\SongAcronymBot.Functions.csproj]
D:\personal\SongAcronymBot\SongAcronymBot.Functions\Program.cs(38,77): error CS0246: The type or namespace name 'Domain' could not be found (are you missing a using directive or an assembly reference?) [D:\personal\SongAcronymBot\SongAcronymBot.Functions\SongAcronymBot.Functions.csproj]
D:\personal\SongAcronymBot\SongAcronymBot.Functions\Program.cs(39,28): error CS0246: The type or namespace name 'Domain' could not be found (are you missing a using directive or an assembly reference?) [D:\personal\SongAcronymBot\SongAcronymBot.Functions\SongAcronymBot.Functions.csproj]
D:\personal\SongAcronymBot\SongAcronymBot.Functions\Program.cs(39,79): error CS0246: The type or namespace name 'Domain' could not be found (are you missing a using directive or an assembly reference?) [D:\personal\SongAcronymBot\SongAcronymBot.Functions\SongAcronymBot.Functions.csproj]
D:\personal\SongAcronymBot\SongAcronymBot.Functions\Program.cs(40,28): error CS0246: The type or namespace name 'Domain' could not be found (are you missing a using directive or an assembly reference?) [D:\personal\SongAcronymBot\SongAcronymBot.Functions\SongAcronymBot.Functions.csproj]
D:\personal\SongAcronymBot\SongAcronymBot.Functions\Program.cs(40,85): error CS0246: The type or namespace name 'Domain' could not be found (are you missing a using directive or an assembly reference?) [D:\personal\SongAcronymBot\SongAcronymBot.Functions\SongAcronymBot.Functions.csproj]
D:\personal\SongAcronymBot\SongAcronymBot.Functions\Program.cs(41,28): error CS0246: The type or namespace name 'Domain' could not be found (are you missing a using directive or an assembly reference?) [D:\personal\SongAcronymBot\SongAcronymBot.Functions\SongAcronymBot.Functions.csproj]
D:\personal\SongAcronymBot\SongAcronymBot.Functions\Program.cs(41,86): error CS0246: The type or namespace name 'Domain' could not be found (are you missing a using directive or an assembly reference?) [D:\personal\SongAcronymBot\SongAcronymBot.Functions\SongAcronymBot.Functions.csproj]

Build FAILED.

D:\personal\SongAcronymBot\SongAcronymBot.Core.Test\Services\RedditServiceTests.cs(19,22): error CS0104: 'IAcronymRepository' is an ambiguous reference between 'SongAcronymBot.Domain.Repositories.IAcronymRepository' and 'SongAcronymBot.Domain.Supabase.Repositories.IAcronymRepository' [D:\personal\SongAcronymBot\SongAcronymBot.Core.Test\SongAcronymBot.Core.Test.csproj]
D:\personal\SongAcronymBot\SongAcronymBot.Functions\Program.cs(24,31): error CS0104: 'IAcronymRepository' is an ambiguous reference between 'SongAcronymBot.Domain.Repositories.IAcronymRepository' and 'SongAcronymBot.Domain.Supabase.Repositories.IAcronymRepository' [D:\personal\SongAcronymBot\SongAcronymBot.Functions\SongAcronymBot.Functions.csproj]
D:\personal\SongAcronymBot\SongAcronymBot.Functions\Program.cs(24,51): error CS0104: 'AcronymRepository' is an ambiguous reference between 'SongAcronymBot.Domain.Repositories.AcronymRepository' and 'SongAcronymBot.Domain.Supabase.Repositories.AcronymRepository' [D:\personal\SongAcronymBot\SongAcronymBot.Functions\SongAcronymBot.Functions.csproj]
D:\personal\SongAcronymBot\SongAcronymBot.Functions\Program.cs(26,31): error CS0104: 'ISubredditRepository' is an ambiguous reference between 'SongAcronymBot.Domain.Repositories.ISubredditRepository' and 'SongAcronymBot.Domain.Supabase.Repositories.ISubredditRepository' [D:\personal\SongAcronymBot\SongAcronymBot.Functions\SongAcronymBot.Functions.csproj]
D:\personal\SongAcronymBot\SongAcronymBot.Functions\Program.cs(26,53): error CS0104: 'SubredditRepository' is an ambiguous reference between 'SongAcronymBot.Domain.Repositories.SubredditRepository' and 'SongAcronymBot.Domain.Supabase.Repositories.SubredditRepository' [D:\personal\SongAcronymBot\SongAcronymBot.Functions\SongAcronymBot.Functions.csproj]
D:\personal\SongAcronymBot\SongAcronymBot.Functions\Program.cs(35,28): error CS0246: The type or namespace name 'Domain' could not be found (are you missing a using directive or an assembly reference?) [D:\personal\SongAcronymBot\SongAcronymBot.Functions\SongAcronymBot.Functions.csproj]
D:\personal\SongAcronymBot\SongAcronymBot.Functions\Program.cs(35,76): error CS0246: The type or namespace name 'Domain' could not be found (are you missing a using directive or an assembly reference?) [D:\personal\SongAcronymBot\SongAcronymBot.Functions\SongAcronymBot.Functions.csproj]
D:\personal\SongAcronymBot\SongAcronymBot.Functions\Program.cs(36,28): error CS0246: The type or namespace name 'Domain' could not be found (are you missing a using directive or an assembly reference?) [D:\personal\SongAcronymBot\SongAcronymBot.Functions\SongAcronymBot.Functions.csproj]
D:\personal\SongAcronymBot\SongAcronymBot.Functions\Program.cs(36,75): error CS0246: The type or namespace name 'Domain' could not be found (are you missing a using directive or an assembly reference?) [D:\personal\SongAcronymBot\SongAcronymBot.Functions\SongAcronymBot.Functions.csproj]
D:\personal\SongAcronymBot\SongAcronymBot.Functions\Program.cs(37,28): error CS0246: The type or namespace name 'Domain' could not be found (are you missing a using directive or an assembly reference?) [D:\personal\SongAcronymBot\SongAcronymBot.Functions\SongAcronymBot.Functions.csproj]
D:\personal\SongAcronymBot\SongAcronymBot.Functions\Program.cs(37,75): error CS0246: The type or namespace name 'Domain' could not be found (are you missing a using directive or an assembly reference?) [D:\personal\SongAcronymBot\SongAcronymBot.Functions\SongAcronymBot.Functions.csproj]
D:\personal\SongAcronymBot\SongAcronymBot.Functions\Program.cs(38,28): error CS0246: The type or namespace name 'Domain' could not be found (are you missing a using directive or an assembly reference?) [D:\personal\SongAcronymBot\SongAcronymBot.Functions\SongAcronymBot.Functions.csproj]
D:\personal\SongAcronymBot\SongAcronymBot.Functions\Program.cs(38,77): error CS0246: The type or namespace name 'Domain' could not be found (are you missing a using directive or an assembly reference?) [D:\personal\SongAcronymBot\SongAcronymBot.Functions\SongAcronymBot.Functions.csproj]
D:\personal\SongAcronymBot\SongAcronymBot.Functions\Program.cs(39,28): error CS0246: The type or namespace name 'Domain' could not be found (are you missing a using directive or an assembly reference?) [D:\personal\SongAcronymBot\SongAcronymBot.Functions\SongAcronymBot.Functions.csproj]
D:\personal\SongAcronymBot\SongAcronymBot.Functions\Program.cs(39,79): error CS0246: The type or namespace name 'Domain' could not be found (are you missing a using directive or an assembly reference?) [D:\personal\SongAcronymBot\SongAcronymBot.Functions\SongAcronymBot.Functions.csproj]
D:\personal\SongAcronymBot\SongAcronymBot.Functions\Program.cs(40,28): error CS0246: The type or namespace name 'Domain' could not be found (are you missing a using directive or an assembly reference?) [D:\personal\SongAcronymBot\SongAcronymBot.Functions\SongAcronymBot.Functions.csproj]
D:\personal\SongAcronymBot\SongAcronymBot.Functions\Program.cs(40,85): error CS0246: The type or namespace name 'Domain' could not be found (are you missing a using directive or an assembly reference?) [D:\personal\SongAcronymBot\SongAcronymBot.Functions\SongAcronymBot.Functions.csproj]
D:\personal\SongAcronymBot\SongAcronymBot.Functions\Program.cs(41,28): error CS0246: The type or namespace name 'Domain' could not be found (are you missing a using directive or an assembly reference?) [D:\personal\SongAcronymBot\SongAcronymBot.Functions\SongAcronymBot.Functions.csproj]
D:\personal\SongAcronymBot\SongAcronymBot.Functions\Program.cs(41,86): error CS0246: The type or namespace name 'Domain' could not be found (are you missing a using directive or an assembly reference?) [D:\personal\SongAcronymBot\SongAcronymBot.Functions\SongAcronymBot.Functions.csproj]
    0 Warning(s)
    19 Error(s)

Time Elapsed 00:00:01.40
